// Jest Snapshot v1, https://goo.gl/fbAQLP

exports[`Render wallet grid 1`] = `
<div
  className="container"
>
  <WithStyles(Typography)
    variant="headline"
  >
    Wallets
  </WithStyles(Typography)>
  <WithStyles(Grid)
    container={true}
    spacing={16}
  >
    <WithStyles(Grid)
      item={true}
      key="btc"
      lg={6}
      md={8}
      sm={12}
    >
      <WithStyles(class_1)
        coinlist={Object {}}
        onDelete={[Function]}
        onEdit={[Function]}
        wallet={
          Object {
            "currency": "BTC",
            "id": "btc",
            "quantity": 1,
          }
        }
      />
    </WithStyles(Grid)>
  </WithStyles(Grid)>
  <WithStyles(Button)
    aria-label="add"
    className="class_1-button-1"
    color="primary"
    onClick={[Function]}
    variant="fab"
  >
    <pure(AddIcon) />
  </WithStyles(Button)>
  <WalletDialog
    close={[Function]}
    coinlist={Object {}}
    open={false}
    save={[Function]}
    wallet={
      Object {
        "currency": "",
        "id": "",
        "quantity": 0,
      }
    }
  />
</div>
`;
