// Jest Snapshot v1, https://goo.gl/fbAQLP

exports[`Render portfolio position 1`] = `
<Card
  raised={false}
>
  <WithStyles(CardContent)
    className="PortfolioPosition-root-1"
    onClick={[Function]}
  >
    <div
      className="PortfolioPosition-avatar-2"
    >
      <Component
        asset="ETH"
        coinlist={Object {}}
        fiatClass="PortfolioPosition-fiatAvatar-3"
      />
    </div>
    <div
      className="PortfolioPosition-content-4"
    >
      <WithStyles(GridWrapper)
        container={true}
      >
        <WithStyles(GridWrapper)
          item={true}
          xs={3}
        >
          <div>
            <WithStyles(Typography)
              color="default"
              component="span"
              type="body2"
            >
              ETH
            </WithStyles(Typography)>
            <WithStyles(Typography)
              color="secondary"
              component="span"
              type="body2"
            >
              10.000
            </WithStyles(Typography)>
          </div>
        </WithStyles(GridWrapper)>
        <WithStyles(GridWrapper)
          className="PortfolioPosition-right-7"
          item={true}
          xs={2}
        >
          <div>
            <WithStyles(Typography)
              color="default"
              component="span"
              type="subheading"
            >
              10000.00  USD
            </WithStyles(Typography)>
            <WithStyles(Typography)
              color="secondary"
              component="span"
              type="body1"
            >
              1.0000 BTC
            </WithStyles(Typography)>
          </div>
        </WithStyles(GridWrapper)>
        <WithStyles(GridWrapper)
          className="PortfolioPosition-right-7"
          item={true}
          xs={3}
        >
          <div>
            <WithStyles(Typography)
              color="default"
              component="span"
              type="subheading"
            >
              1000.0 USD
            </WithStyles(Typography)>
            <WithStyles(Typography)
              color="secondary"
              component="span"
              type="body1"
            >
              0.10000 BTC
            </WithStyles(Typography)>
          </div>
        </WithStyles(GridWrapper)>
        <WithStyles(GridWrapper)
          className="PortfolioPosition-right-7"
          item={true}
          xs={2}
        >
          <div>
            <WithStyles(Typography)
              color="default"
              component="span"
              type="subheading"
            >
              <WithStyles(PriceChangeText)
                change={5.2}
                muted={false}
              />
            </WithStyles(Typography)>
            <WithStyles(Typography)
              color="secondary"
              component="span"
              type="body1"
            >
              <WithStyles(PriceChangeText)
                change={2}
                muted={true}
              />
            </WithStyles(Typography)>
          </div>
        </WithStyles(GridWrapper)>
      </WithStyles(GridWrapper)>
    </div>
    <div>
      <WithStyles(IconButton)
        className="PortfolioPosition-expand-5"
      >
        <pure(ExpandMore) />
      </WithStyles(IconButton)>
    </div>
  </WithStyles(CardContent)>
  <WithStyles(Collapse)
    in={false}
    mountOnEnter={true}
    timeout="auto"
    unmountOnExit={true}
  >
    <div
      className="PortfolioPosition-collapse-8"
    >
      <Connect(WithTheme(RawTokenLineChart))
        fsym="ETH"
        tsym="USD"
      />
    </div>
  </WithStyles(Collapse)>
</Card>
`;
